
===========================================================================
 report_power
============================================================================
======================= nom_ss_100C_1v60 Corner ===================================

Group                    Internal    Switching      Leakage        Total
                            Power        Power        Power        Power (Watts)
------------------------------------------------------------------------
Sequential           0.000000e+00 0.000000e+00 0.000000e+00 0.000000e+00   0.0%
Combinational        4.342077e-04 7.387878e-04 4.668699e-06 1.177664e-03 100.0%
Clock                -1.548282e-09 0.000000e+00 6.315466e-10 -9.167351e-10  -0.0%
Macro                0.000000e+00 0.000000e+00 0.000000e+00 0.000000e+00   0.0%
Pad                  0.000000e+00 0.000000e+00 0.000000e+00 0.000000e+00   0.0%
------------------------------------------------------------------------
Total                4.342061e-04 7.387878e-04 4.669330e-06 1.177663e-03 100.0%
                            36.9%        62.7%         0.4%

