
===========================================================================
report_checks -unconstrained
===========================================================================
======================= nom_ff_n40C_1v95 Corner ===================================

Startpoint: x[27] (input port clocked by __VIRTUAL_CLK__)
Endpoint: result[25] (output port clocked by __VIRTUAL_CLK__)
Path Group: __VIRTUAL_CLK__
Path Type: max

Fanout         Cap        Slew       Delay        Time   Description
---------------------------------------------------------------------------------------------
                      0.000000    0.000000    0.000000   clock __VIRTUAL_CLK__ (rise edge)
                                  0.200000    0.200000   clock network delay (ideal)
                                  1.000000    1.200000 ^ input external delay
     1    0.030727    0.000000    0.000000    1.200000 ^ x[27] (in)
                                                         x[27] (net)
                      0.002522    0.001261    1.201261 ^ input20/A (sky130_fd_sc_hd__buf_2)
     7    0.102350    0.373578    0.289044    1.490305 ^ input20/X (sky130_fd_sc_hd__buf_2)
                                                         net20 (net)
                      0.374132    0.011889    1.502194 ^ _0975_/B_N (sky130_fd_sc_hd__nor2b_1)
     4    0.079483    1.023644    0.781828    2.284022 ^ _0975_/Y (sky130_fd_sc_hd__nor2b_1)
                                                         _0100_ (net)
                      1.023676    0.004946    2.288969 ^ _1083_/A1 (sky130_fd_sc_hd__a21o_1)
     2    0.016850    0.118182    0.092159    2.381128 ^ _1083_/X (sky130_fd_sc_hd__a21o_1)
                                                         _0208_ (net)
                      0.118190    0.000811    2.381939 ^ _1084_/B1 (sky130_fd_sc_hd__a21oi_2)
     4    0.029710    0.113891    0.067882    2.449821 v _1084_/Y (sky130_fd_sc_hd__a21oi_2)
                                                         _0209_ (net)
                      0.113900    0.000787    2.450608 v _1101_/A2 (sky130_fd_sc_hd__o21ai_1)
     2    0.038039    0.507726    0.422591    2.873199 ^ _1101_/Y (sky130_fd_sc_hd__o21ai_1)
                                                         _0226_ (net)
                      0.507770    0.003957    2.877156 ^ _1104_/A (sky130_fd_sc_hd__nand2_2)
     1    0.031360    0.167325    0.120832    2.997988 v _1104_/Y (sky130_fd_sc_hd__nand2_2)
                                                         _0229_ (net)
                      0.167337    0.001163    2.999151 v _1106_/B (sky130_fd_sc_hd__nand2_8)
    27    0.152105    0.203799    0.213767    3.212918 ^ _1106_/Y (sky130_fd_sc_hd__nand2_8)
                                                         _0231_ (net)
                      0.204670    0.010719    3.223636 ^ _1109_/D1 (sky130_fd_sc_hd__o2111ai_4)
    19    0.115416    0.350469    0.260503    3.484139 v _1109_/Y (sky130_fd_sc_hd__o2111ai_4)
                                                         _0234_ (net)
                      0.350666    0.006733    3.490871 v _1164_/A2 (sky130_fd_sc_hd__o211ai_1)
     2    0.007805    0.189615    0.277274    3.768145 ^ _1164_/Y (sky130_fd_sc_hd__o211ai_1)
                                                         _0289_ (net)
                      0.189615    0.000270    3.768415 ^ _1184_/A (sky130_fd_sc_hd__nand3_1)
     1    0.003499    0.060077    0.050512    3.818927 v _1184_/Y (sky130_fd_sc_hd__nand3_1)
                                                         _0309_ (net)
                      0.060078    0.000110    3.819037 v _1186_/A2 (sky130_fd_sc_hd__a21oi_1)
     1    0.018530    0.292382    0.262996    4.082033 ^ _1186_/Y (sky130_fd_sc_hd__a21oi_1)
                                                         _0311_ (net)
                      0.292386    0.000842    4.082874 ^ _1227_/B1 (sky130_fd_sc_hd__o221ai_4)
     4    0.040486    0.155303    0.132862    4.215736 v _1227_/Y (sky130_fd_sc_hd__o221ai_4)
                                                         _0352_ (net)
                      0.155335    0.001683    4.217419 v _1515_/A1 (sky130_fd_sc_hd__a211oi_4)
     4    0.024082    0.247150    0.274405    4.491824 ^ _1515_/Y (sky130_fd_sc_hd__a211oi_4)
                                                         _0640_ (net)
                      0.247150    0.000682    4.492506 ^ _1528_/A1 (sky130_fd_sc_hd__o211ai_2)
     1    0.008743    0.070875    0.075778    4.568285 v _1528_/Y (sky130_fd_sc_hd__o211ai_2)
                                                         _0653_ (net)
                      0.070875    0.000262    4.568546 v _1530_/A3 (sky130_fd_sc_hd__a31oi_4)
     2    0.018960    0.160174    0.184262    4.752808 ^ _1530_/Y (sky130_fd_sc_hd__a31oi_4)
                                                         _0655_ (net)
                      0.160175    0.000754    4.753561 ^ _1533_/A2 (sky130_fd_sc_hd__o21bai_2)
     2    0.014232    0.059020    0.066723    4.820284 v _1533_/Y (sky130_fd_sc_hd__o21bai_2)
                                                         _0658_ (net)
                      0.059024    0.000356    4.820641 v _1534_/A1 (sky130_fd_sc_hd__a21oi_2)
     3    0.019396    0.184912    0.182317    5.002958 ^ _1534_/Y (sky130_fd_sc_hd__a21oi_2)
                                                         _0659_ (net)
                      0.184912    0.000270    5.003227 ^ _1537_/A2 (sky130_fd_sc_hd__o211ai_2)
     2    0.009426    0.068643    0.065913    5.069140 v _1537_/Y (sky130_fd_sc_hd__o211ai_2)
                                                         _0662_ (net)
                      0.068643    0.000276    5.069416 v _1539_/A2_N (sky130_fd_sc_hd__o2bb2ai_2)
     2    0.014805    0.056452    0.100986    5.170402 v _1539_/Y (sky130_fd_sc_hd__o2bb2ai_2)
                                                         _0664_ (net)
                      0.056461    0.000599    5.171000 v _1541_/A1 (sky130_fd_sc_hd__a31oi_4)
     3    0.023597    0.181831    0.161118    5.332119 ^ _1541_/Y (sky130_fd_sc_hd__a31oi_4)
                                                         _0666_ (net)
                      0.181833    0.000897    5.333015 ^ _1543_/B2 (sky130_fd_sc_hd__o221ai_4)
     2    0.008413    0.058669    0.052073    5.385088 v _1543_/Y (sky130_fd_sc_hd__o221ai_4)
                                                         _0668_ (net)
                      0.058669    0.000240    5.385329 v _1545_/A (sky130_fd_sc_hd__nand3_2)
     2    0.014875    0.076532    0.077462    5.462790 ^ _1545_/Y (sky130_fd_sc_hd__nand3_2)
                                                         _0670_ (net)
                      0.076537    0.000514    5.463305 ^ _1547_/C1 (sky130_fd_sc_hd__o221ai_4)
     2    0.011731    0.065729    0.045170    5.508474 v _1547_/Y (sky130_fd_sc_hd__o221ai_4)
                                                         _0672_ (net)
                      0.065729    0.000256    5.508730 v _1549_/A1 (sky130_fd_sc_hd__a31oi_4)
     2    0.014725    0.140448    0.132929    5.641659 ^ _1549_/Y (sky130_fd_sc_hd__a31oi_4)
                                                         _0674_ (net)
                      0.140448    0.000405    5.642064 ^ _1550_/A2 (sky130_fd_sc_hd__o21bai_2)
     2    0.014061    0.066294    0.065699    5.707763 v _1550_/Y (sky130_fd_sc_hd__o21bai_2)
                                                         _0675_ (net)
                      0.066294    0.000289    5.708052 v _1552_/A1 (sky130_fd_sc_hd__a21oi_2)
     2    0.017087    0.165723    0.170745    5.878796 ^ _1552_/Y (sky130_fd_sc_hd__a21oi_2)
                                                         _0677_ (net)
                      0.165725    0.000520    5.879317 ^ _1554_/A2 (sky130_fd_sc_hd__o21bai_2)
     2    0.013314    0.063245    0.064666    5.943983 v _1554_/Y (sky130_fd_sc_hd__o21bai_2)
                                                         _0679_ (net)
                      0.063245    0.000197    5.944180 v _1557_/A (sky130_fd_sc_hd__nand2_1)
     2    0.017855    0.128917    0.120060    6.064240 ^ _1557_/Y (sky130_fd_sc_hd__nand2_1)
                                                         _0682_ (net)
                      0.128928    0.000960    6.065200 ^ _1559_/C1 (sky130_fd_sc_hd__o221ai_4)
     2    0.013466    0.062282    0.054242    6.119442 v _1559_/Y (sky130_fd_sc_hd__o221ai_4)
                                                         _0684_ (net)
                      0.062283    0.000361    6.119802 v _1561_/A1 (sky130_fd_sc_hd__a31oi_4)
     2    0.019683    0.163478    0.149393    6.269196 ^ _1561_/Y (sky130_fd_sc_hd__a31oi_4)
                                                         _0686_ (net)
                      0.163478    0.000488    6.269684 ^ _1563_/A2 (sky130_fd_sc_hd__o21bai_4)
     3    0.022831    0.070949    0.061835    6.331519 v _1563_/Y (sky130_fd_sc_hd__o21bai_4)
                                                         _0688_ (net)
                      0.070976    0.000486    6.332006 v _1567_/A (sky130_fd_sc_hd__nand2_2)
     2    0.020079    0.089765    0.094590    6.426595 ^ _1567_/Y (sky130_fd_sc_hd__nand2_2)
                                                         _0692_ (net)
                      0.089768    0.000429    6.427024 ^ _1572_/A2_N (sky130_fd_sc_hd__o2bb2ai_4)
    12    0.095430    0.443828    0.219584    6.646608 ^ _1572_/Y (sky130_fd_sc_hd__o2bb2ai_4)
                                                         _0697_ (net)
                      0.443905    0.004845    6.651454 ^ _1580_/B (sky130_fd_sc_hd__nand3_4)
    11    0.065217    0.187957    0.171306    6.822760 v _1580_/Y (sky130_fd_sc_hd__nand3_4)
                                                         _0705_ (net)
                      0.187991    0.001973    6.824732 v _1599_/B (sky130_fd_sc_hd__nand3_1)
     2    0.012740    0.126213    0.171059    6.995791 ^ _1599_/Y (sky130_fd_sc_hd__nand3_1)
                                                         _0724_ (net)
                      0.126213    0.000389    6.996180 ^ _1617_/B (sky130_fd_sc_hd__nand4_2)
     2    0.015242    0.095688    0.102696    7.098876 v _1617_/Y (sky130_fd_sc_hd__nand4_2)
                                                         _0742_ (net)
                      0.095690    0.000502    7.099378 v _1619_/B2 (sky130_fd_sc_hd__o22ai_4)
     4    0.024368    0.164027    0.152074    7.251451 ^ _1619_/Y (sky130_fd_sc_hd__o22ai_4)
                                                         _0744_ (net)
                      0.164027    0.000536    7.251988 ^ _1627_/A1 (sky130_fd_sc_hd__a21boi_1)
     1    0.009217    0.070999    0.072762    7.324750 v _1627_/Y (sky130_fd_sc_hd__a21boi_1)
                                                         _0752_ (net)
                      0.071000    0.000290    7.325040 v _1632_/B2 (sky130_fd_sc_hd__o32ai_4)
     4    0.013351    0.184863    0.102283    7.427323 ^ _1632_/Y (sky130_fd_sc_hd__o32ai_4)
                                                         _0757_ (net)
                      0.184864    0.000446    7.427769 ^ _1641_/A1 (sky130_fd_sc_hd__a21oi_1)
     1    0.002683    0.067921    0.042843    7.470612 v _1641_/Y (sky130_fd_sc_hd__a21oi_1)
                                                         _0766_ (net)
                      0.067921    0.000053    7.470665 v _1646_/A1 (sky130_fd_sc_hd__a21oi_1)
     3    0.016617    0.265776    0.230509    7.701174 ^ _1646_/Y (sky130_fd_sc_hd__a21oi_1)
                                                         _0771_ (net)
                      0.265777    0.000472    7.701646 ^ _1834_/B2 (sky130_fd_sc_hd__o221ai_1)
     1    0.004334    0.069425    0.061604    7.763250 v _1834_/Y (sky130_fd_sc_hd__o221ai_1)
                                                         _0936_ (net)
                      0.069425    0.000148    7.763398 v _1835_/B2 (sky130_fd_sc_hd__a2bb2oi_1)
     1    0.017000    0.290784    0.239900    8.003298 ^ _1835_/Y (sky130_fd_sc_hd__a2bb2oi_1)
                                                         net82 (net)
                      0.290786    0.000653    8.003951 ^ output82/A (sky130_fd_sc_hd__buf_1)
     1    0.024857    0.218353    0.188047    8.191998 ^ output82/X (sky130_fd_sc_hd__buf_1)
                                                         result[25] (net)
                      0.218356    0.000758    8.192755 ^ result[25] (out)
                                              8.192755   data arrival time

                      0.000000   20.000000   20.000000   clock __VIRTUAL_CLK__ (rise edge)
                                  0.200000   20.200001   clock network delay (ideal)
                                  0.000000   20.200001   clock reconvergence pessimism
                                 -0.500000   19.700001   output external delay
                                             19.700001   data required time
---------------------------------------------------------------------------------------------
                                             19.700001   data required time
                                             -8.192755   data arrival time
---------------------------------------------------------------------------------------------
                                             11.507245   slack (MET)




===========================================================================
report_checks --slack_max -0.01
============================================================================
======================= nom_ff_n40C_1v95 Corner ===================================

No paths found.


===========================================================================
 report_check_types -max_slew -max_cap -max_fanout -violators
============================================================================
======================= nom_ff_n40C_1v95 Corner ===================================



===========================================================================
report_parasitic_annotation -report_unannotated
============================================================================
Found 0 unannotated drivers.
Found 0 partially unannotated drivers.

===========================================================================
max slew violation count 0
max fanout violation count 0
max cap violation count 0
============================================================================

===========================================================================
check_setup -verbose -unconstrained_endpoints -multiple_clock -no_clock -no_input_delay -loops -generated_clocks
===========================================================================
