┏━━━━━━━━━━━━━━━━━━━━━━┳━━━━━━━━━━┳━━━━━━━━━━┳━━━━━━━━━━┳━━━━━━━━━━┳━━━━━━━━━━━┳━━━━━━━━━━┳━━━━━━━━━━━┳━━━━━━━━━━┳━━━━━━━━━━━┳━━━━━━━━━━┳━━━━━━━━━━━┳━━━━━━━━━━┓
┃                      ┃ Hold     ┃ Reg to   ┃          ┃          ┃ of which  ┃ Setup    ┃           ┃          ┃           ┃ of which ┃           ┃          ┃
┃                      ┃ Worst    ┃ Reg      ┃          ┃ Hold Vio ┃ reg to    ┃ Worst    ┃ Reg to    ┃ Setup    ┃ Setup Vio ┃ reg to   ┃ Max Cap   ┃ Max Slew ┃
┃ Corner/Group         ┃ Slack    ┃ Paths    ┃ Hold TNS ┃ Count    ┃ reg       ┃ Slack    ┃ Reg Paths ┃ TNS      ┃ Count     ┃ reg      ┃ Violatio… ┃ Violati… ┃
┡━━━━━━━━━━━━━━━━━━━━━━╇━━━━━━━━━━╇━━━━━━━━━━╇━━━━━━━━━━╇━━━━━━━━━━╇━━━━━━━━━━━╇━━━━━━━━━━╇━━━━━━━━━━━╇━━━━━━━━━━╇━━━━━━━━━━━╇━━━━━━━━━━╇━━━━━━━━━━━╇━━━━━━━━━━┩
│ Overall              │ 1.9727   │ N/A      │ 0.0000   │ 0        │ 0         │ -5.2952  │ N/A       │ -157.23… │ 96        │ 0        │ 5         │ 13       │
│ nom_tt_025C_1v80     │ 2.2805   │ N/A      │ 0.0000   │ 0        │ 0         │ 6.8382   │ N/A       │ 0.0000   │ 0         │ 0        │ 0         │ 0        │
│ nom_ss_100C_1v60     │ 2.9223   │ N/A      │ 0.0000   │ 0        │ 0         │ -4.4879  │ N/A       │ -132.72… │ 32        │ 0        │ 3         │ 10       │
│ nom_ff_n40C_1v95     │ 1.9858   │ N/A      │ 0.0000   │ 0        │ 0         │ 11.5072  │ N/A       │ 0.0000   │ 0         │ 0        │ 0         │ 0        │
│ min_tt_025C_1v80     │ 2.2602   │ N/A      │ 0.0000   │ 0        │ 0         │ 7.3161   │ N/A       │ 0.0000   │ 0         │ 0        │ 0         │ 0        │
│ min_ss_100C_1v60     │ 2.8896   │ N/A      │ 0.0000   │ 0        │ 0         │ -3.6248  │ N/A       │ -107.49… │ 32        │ 0        │ 3         │ 10       │
│ min_ff_n40C_1v95     │ 1.9727   │ N/A      │ 0.0000   │ 0        │ 0         │ 11.7824  │ N/A       │ 0.0000   │ 0         │ 0        │ 0         │ 0        │
│ max_tt_025C_1v80     │ 2.3028   │ N/A      │ 0.0000   │ 0        │ 0         │ 6.3907   │ N/A       │ 0.0000   │ 0         │ 0        │ 1         │ 5        │
│ max_ss_100C_1v60     │ 2.9591   │ N/A      │ 0.0000   │ 0        │ 0         │ -5.2952  │ N/A       │ -157.23… │ 32        │ 0        │ 5         │ 13       │
│ max_ff_n40C_1v95     │ 2.0021   │ N/A      │ 0.0000   │ 0        │ 0         │ 11.2364  │ N/A       │ 0.0000   │ 0         │ 0        │ 0         │ 0        │
└──────────────────────┴──────────┴──────────┴──────────┴──────────┴───────────┴──────────┴───────────┴──────────┴───────────┴──────────┴───────────┴──────────┘
