
===========================================================================
report_checks -unconstrained
===========================================================================
======================= max_ff_n40C_1v95 Corner ===================================

Startpoint: x[27] (input port clocked by __VIRTUAL_CLK__)
Endpoint: result[25] (output port clocked by __VIRTUAL_CLK__)
Path Group: __VIRTUAL_CLK__
Path Type: max

Fanout         Cap        Slew       Delay        Time   Description
---------------------------------------------------------------------------------------------
                      0.000000    0.000000    0.000000   clock __VIRTUAL_CLK__ (rise edge)
                                  0.200000    0.200000   clock network delay (ideal)
                                  1.000000    1.200000 ^ input external delay
     1    0.033346    0.000000    0.000000    1.200000 ^ x[27] (in)
                                                         x[27] (net)
                      0.004287    0.002144    1.202144 ^ input20/A (sky130_fd_sc_hd__buf_2)
     7    0.109162    0.399068    0.300193    1.502337 ^ input20/X (sky130_fd_sc_hd__buf_2)
                                                         net20 (net)
                      0.400606    0.020320    1.522657 ^ _0975_/B_N (sky130_fd_sc_hd__nor2b_1)
     4    0.085718    1.104081    0.834033    2.356690 ^ _0975_/Y (sky130_fd_sc_hd__nor2b_1)
                                                         _0100_ (net)
                      1.104188    0.009226    2.365916 ^ _1083_/A1 (sky130_fd_sc_hd__a21o_1)
     2    0.017910    0.125213    0.089407    2.455323 ^ _1083_/X (sky130_fd_sc_hd__a21o_1)
                                                         _0208_ (net)
                      0.125239    0.001469    2.456793 ^ _1084_/B1 (sky130_fd_sc_hd__a21oi_2)
     4    0.031401    0.118796    0.070389    2.527181 v _1084_/Y (sky130_fd_sc_hd__a21oi_2)
                                                         _0209_ (net)
                      0.118850    0.001984    2.529165 v _1101_/A2 (sky130_fd_sc_hd__o21ai_1)
     2    0.040393    0.537667    0.444421    2.973586 ^ _1101_/Y (sky130_fd_sc_hd__o21ai_1)
                                                         _0226_ (net)
                      0.537761    0.005919    2.979506 ^ _1104_/A (sky130_fd_sc_hd__nand2_2)
     1    0.033650    0.181129    0.128840    3.108346 v _1104_/Y (sky130_fd_sc_hd__nand2_2)
                                                         _0229_ (net)
                      0.181205    0.003108    3.111454 v _1106_/B (sky130_fd_sc_hd__nand2_8)
    27    0.157498    0.210981    0.214000    3.325454 ^ _1106_/Y (sky130_fd_sc_hd__nand2_8)
                                                         _0231_ (net)
                      0.214978    0.022776    3.348230 ^ _1109_/D1 (sky130_fd_sc_hd__o2111ai_4)
    19    0.120088    0.364336    0.267185    3.615415 v _1109_/Y (sky130_fd_sc_hd__o2111ai_4)
                                                         _0234_ (net)
                      0.365170    0.014033    3.629448 v _1164_/A2 (sky130_fd_sc_hd__o211ai_1)
     2    0.008184    0.196225    0.286174    3.915623 ^ _1164_/Y (sky130_fd_sc_hd__o211ai_1)
                                                         _0289_ (net)
                      0.196225    0.000607    3.916229 ^ _1184_/A (sky130_fd_sc_hd__nand3_1)
     1    0.003708    0.062372    0.052215    3.968444 v _1184_/Y (sky130_fd_sc_hd__nand3_1)
                                                         _0309_ (net)
                      0.062373    0.000249    3.968693 v _1186_/A2 (sky130_fd_sc_hd__a21oi_1)
     1    0.019344    0.303957    0.271518    4.240211 ^ _1186_/Y (sky130_fd_sc_hd__a21oi_1)
                                                         _0311_ (net)
                      0.303973    0.001803    4.242015 ^ _1227_/B1 (sky130_fd_sc_hd__o221ai_4)
     4    0.041495    0.158872    0.133819    4.375834 v _1227_/Y (sky130_fd_sc_hd__o221ai_4)
                                                         _0352_ (net)
                      0.159054    0.004096    4.379930 v _1515_/A1 (sky130_fd_sc_hd__a211oi_4)
     4    0.024737    0.251417    0.278469    4.658399 ^ _1515_/Y (sky130_fd_sc_hd__a211oi_4)
                                                         _0640_ (net)
                      0.251438    0.002289    4.660688 ^ _1518_/B1 (sky130_fd_sc_hd__o221ai_4)
     3    0.017351    0.085319    0.086130    4.746818 v _1518_/Y (sky130_fd_sc_hd__o221ai_4)
                                                         _0643_ (net)
                      0.085327    0.001502    4.748320 v _1530_/A2 (sky130_fd_sc_hd__a31oi_4)
     2    0.019722    0.163622    0.176637    4.924957 ^ _1530_/Y (sky130_fd_sc_hd__a31oi_4)
                                                         _0655_ (net)
                      0.163626    0.001574    4.926532 ^ _1533_/A2 (sky130_fd_sc_hd__o21bai_2)
     2    0.014522    0.060381    0.067252    4.993784 v _1533_/Y (sky130_fd_sc_hd__o21bai_2)
                                                         _0658_ (net)
                      0.060399    0.000829    4.994612 v _1534_/A1 (sky130_fd_sc_hd__a21oi_2)
     3    0.019702    0.187555    0.184280    5.178893 ^ _1534_/Y (sky130_fd_sc_hd__a21oi_2)
                                                         _0659_ (net)
                      0.187558    0.000626    5.179518 ^ _1537_/A2 (sky130_fd_sc_hd__o211ai_2)
     2    0.009814    0.070451    0.067121    5.246640 v _1537_/Y (sky130_fd_sc_hd__o211ai_2)
                                                         _0662_ (net)
                      0.070453    0.000628    5.247268 v _1539_/A2_N (sky130_fd_sc_hd__o2bb2ai_2)
     2    0.015229    0.057960    0.102041    5.349309 v _1539_/Y (sky130_fd_sc_hd__o2bb2ai_2)
                                                         _0664_ (net)
                      0.058001    0.001249    5.350559 v _1541_/A1 (sky130_fd_sc_hd__a31oi_4)
     3    0.023855    0.182881    0.162037    5.512596 ^ _1541_/Y (sky130_fd_sc_hd__a31oi_4)
                                                         _0666_ (net)
                      0.182911    0.002073    5.514669 ^ _1543_/B2 (sky130_fd_sc_hd__o221ai_4)
     2    0.008636    0.059431    0.052507    5.567176 v _1543_/Y (sky130_fd_sc_hd__o221ai_4)
                                                         _0668_ (net)
                      0.059432    0.000570    5.567746 v _1545_/A (sky130_fd_sc_hd__nand3_2)
     2    0.015251    0.077755    0.078455    5.646201 ^ _1545_/Y (sky130_fd_sc_hd__nand3_2)
                                                         _0670_ (net)
                      0.077803    0.001120    5.647320 ^ _1547_/C1 (sky130_fd_sc_hd__o221ai_4)
     2    0.011844    0.066353    0.045428    5.692748 v _1547_/Y (sky130_fd_sc_hd__o221ai_4)
                                                         _0672_ (net)
                      0.066354    0.000543    5.693290 v _1549_/A1 (sky130_fd_sc_hd__a31oi_4)
     2    0.014879    0.141119    0.133422    5.826713 ^ _1549_/Y (sky130_fd_sc_hd__a31oi_4)
                                                         _0674_ (net)
                      0.141121    0.001002    5.827714 ^ _1550_/A2 (sky130_fd_sc_hd__o21bai_2)
     2    0.014296    0.067105    0.065960    5.893674 v _1550_/Y (sky130_fd_sc_hd__o21bai_2)
                                                         _0675_ (net)
                      0.067120    0.000766    5.894440 v _1552_/A1 (sky130_fd_sc_hd__a21oi_2)
     2    0.017456    0.168892    0.172856    6.067296 ^ _1552_/Y (sky130_fd_sc_hd__a21oi_2)
                                                         _0677_ (net)
                      0.168905    0.001183    6.068479 ^ _1554_/A2 (sky130_fd_sc_hd__o21bai_2)
     2    0.013577    0.064049    0.065245    6.133723 v _1554_/Y (sky130_fd_sc_hd__o21bai_2)
                                                         _0679_ (net)
                      0.064052    0.000477    6.134201 v _1557_/A (sky130_fd_sc_hd__nand2_1)
     2    0.018667    0.133948    0.123571    6.257772 ^ _1557_/Y (sky130_fd_sc_hd__nand2_1)
                                                         _0682_ (net)
                      0.133993    0.002010    6.259781 ^ _1559_/C1 (sky130_fd_sc_hd__o221ai_4)
     2    0.013955    0.063594    0.055008    6.314789 v _1559_/Y (sky130_fd_sc_hd__o221ai_4)
                                                         _0684_ (net)
                      0.063598    0.000924    6.315713 v _1561_/A1 (sky130_fd_sc_hd__a31oi_4)
     2    0.019892    0.164353    0.150254    6.465968 ^ _1561_/Y (sky130_fd_sc_hd__a31oi_4)
                                                         _0686_ (net)
                      0.164356    0.001206    6.467174 ^ _1563_/A2 (sky130_fd_sc_hd__o21bai_4)
     3    0.023582    0.072422    0.062668    6.529842 v _1563_/Y (sky130_fd_sc_hd__o21bai_4)
                                                         _0688_ (net)
                      0.072447    0.001030    6.530872 v _1567_/A (sky130_fd_sc_hd__nand2_2)
     2    0.020357    0.091063    0.095633    6.626505 ^ _1567_/Y (sky130_fd_sc_hd__nand2_2)
                                                         _0692_ (net)
                      0.091076    0.000858    6.627362 ^ _1572_/A2_N (sky130_fd_sc_hd__o2bb2ai_4)
    12    0.097459    0.450973    0.218696    6.846058 ^ _1572_/Y (sky130_fd_sc_hd__o2bb2ai_4)
                                                         _0697_ (net)
                      0.451417    0.011621    6.857679 ^ _1580_/B (sky130_fd_sc_hd__nand3_4)
    11    0.067479    0.193108    0.174560    7.032239 v _1580_/Y (sky130_fd_sc_hd__nand3_4)
                                                         _0705_ (net)
                      0.193236    0.003892    7.036131 v _1599_/B (sky130_fd_sc_hd__nand3_1)
     2    0.013611    0.132624    0.177717    7.213849 ^ _1599_/Y (sky130_fd_sc_hd__nand3_1)
                                                         _0724_ (net)
                      0.132626    0.000768    7.214616 ^ _1617_/B (sky130_fd_sc_hd__nand4_2)
     2    0.015812    0.099233    0.105045    7.319661 v _1617_/Y (sky130_fd_sc_hd__nand4_2)
                                                         _0742_ (net)
                      0.099255    0.001112    7.320773 v _1619_/B2 (sky130_fd_sc_hd__o22ai_4)
     4    0.025910    0.170415    0.158236    7.479009 ^ _1619_/Y (sky130_fd_sc_hd__o22ai_4)
                                                         _0744_ (net)
                      0.170487    0.001399    7.480408 ^ _1627_/A1 (sky130_fd_sc_hd__a21boi_1)
     1    0.009378    0.072796    0.073710    7.554118 v _1627_/Y (sky130_fd_sc_hd__a21boi_1)
                                                         _0752_ (net)
                      0.072807    0.000695    7.554813 v _1632_/B2 (sky130_fd_sc_hd__o32ai_4)
     4    0.013838    0.187887    0.104396    7.659209 ^ _1632_/Y (sky130_fd_sc_hd__o32ai_4)
                                                         _0757_ (net)
                      0.187889    0.001126    7.660336 ^ _1641_/A1 (sky130_fd_sc_hd__a21oi_1)
     1    0.002721    0.069957    0.043077    7.703413 v _1641_/Y (sky130_fd_sc_hd__a21oi_1)
                                                         _0766_ (net)
                      0.069957    0.000127    7.703539 v _1646_/A1 (sky130_fd_sc_hd__a21oi_1)
     3    0.017670    0.280500    0.241233    7.944772 ^ _1646_/Y (sky130_fd_sc_hd__a21oi_1)
                                                         _0771_ (net)
                      0.280507    0.001172    7.945945 ^ _1834_/B2 (sky130_fd_sc_hd__o221ai_1)
     1    0.004635    0.073045    0.064165    8.010109 v _1834_/Y (sky130_fd_sc_hd__o221ai_1)
                                                         _0936_ (net)
                      0.073046    0.000303    8.010412 v _1835_/B2 (sky130_fd_sc_hd__a2bb2oi_1)
     1    0.018670    0.315938    0.257273    8.267686 ^ _1835_/Y (sky130_fd_sc_hd__a2bb2oi_1)
                                                         net82 (net)
                      0.315949    0.001598    8.269283 ^ output82/A (sky130_fd_sc_hd__buf_1)
     1    0.025969    0.228004    0.192475    8.461759 ^ output82/X (sky130_fd_sc_hd__buf_1)
                                                         result[25] (net)
                      0.228025    0.001819    8.463577 ^ result[25] (out)
                                              8.463577   data arrival time

                      0.000000   20.000000   20.000000   clock __VIRTUAL_CLK__ (rise edge)
                                  0.200000   20.200001   clock network delay (ideal)
                                  0.000000   20.200001   clock reconvergence pessimism
                                 -0.500000   19.700001   output external delay
                                             19.700001   data required time
---------------------------------------------------------------------------------------------
                                             19.700001   data required time
                                             -8.463577   data arrival time
---------------------------------------------------------------------------------------------
                                             11.236423   slack (MET)




===========================================================================
report_checks --slack_max -0.01
============================================================================
======================= max_ff_n40C_1v95 Corner ===================================

No paths found.


===========================================================================
 report_check_types -max_slew -max_cap -max_fanout -violators
============================================================================
======================= max_ff_n40C_1v95 Corner ===================================



===========================================================================
report_parasitic_annotation -report_unannotated
============================================================================
Found 0 unannotated drivers.
Found 0 partially unannotated drivers.

===========================================================================
max slew violation count 0
max fanout violation count 0
max cap violation count 0
============================================================================

===========================================================================
check_setup -verbose -unconstrained_endpoints -multiple_clock -no_clock -no_input_delay -loops -generated_clocks
===========================================================================
