
===========================================================================
report_checks -unconstrained
===========================================================================
======================= min_tt_025C_1v80 Corner ===================================

Startpoint: x[27] (input port clocked by __VIRTUAL_CLK__)
Endpoint: result[25] (output port clocked by __VIRTUAL_CLK__)
Path Group: __VIRTUAL_CLK__
Path Type: max

Fanout         Cap        Slew       Delay        Time   Description
---------------------------------------------------------------------------------------------
                      0.000000    0.000000    0.000000   clock __VIRTUAL_CLK__ (rise edge)
                                  0.200000    0.200000   clock network delay (ideal)
                                  1.000000    1.200000 ^ input external delay
     1    0.027222    0.000000    0.000000    1.200000 ^ x[27] (in)
                                                         x[27] (net)
                      0.001434    0.000717    1.200717 ^ input20/A (sky130_fd_sc_hd__buf_2)
     7    0.093276    0.446381    0.370636    1.571353 ^ input20/X (sky130_fd_sc_hd__buf_2)
                                                         net20 (net)
                      0.446550    0.007255    1.578609 ^ _0975_/B_N (sky130_fd_sc_hd__nor2b_1)
     4    0.072547    1.309649    1.078530    2.657138 ^ _0975_/Y (sky130_fd_sc_hd__nor2b_1)
                                                         _0100_ (net)
                      1.309657    0.002844    2.659982 ^ _1082_/A1 (sky130_fd_sc_hd__a21oi_1)
     1    0.027924    0.422919    0.470553    3.130535 v _1082_/Y (sky130_fd_sc_hd__a21oi_1)
                                                         _0207_ (net)
                      0.422919    0.000790    3.131325 v _1100_/C1 (sky130_fd_sc_hd__o221ai_4)
     5    0.030429    0.312305    0.264283    3.395608 ^ _1100_/Y (sky130_fd_sc_hd__o221ai_4)
                                                         _0225_ (net)
                      0.312305    0.000448    3.396057 ^ _1101_/B1 (sky130_fd_sc_hd__o21ai_1)
     2    0.033857    0.285255    0.323078    3.719134 v _1101_/Y (sky130_fd_sc_hd__o21ai_1)
                                                         _0226_ (net)
                      0.285288    0.002579    3.721713 v _1104_/A (sky130_fd_sc_hd__nand2_2)
     1    0.031739    0.183807    0.257460    3.979174 ^ _1104_/Y (sky130_fd_sc_hd__nand2_2)
                                                         _0229_ (net)
                      0.183807    0.000327    3.979501 ^ _1106_/B (sky130_fd_sc_hd__nand2_8)
    27    0.140273    0.200315    0.189769    4.169270 v _1106_/Y (sky130_fd_sc_hd__nand2_8)
                                                         _0231_ (net)
                      0.200590    0.006086    4.175356 v _1109_/D1 (sky130_fd_sc_hd__o2111ai_4)
    19    0.119199    0.853910    0.366112    4.541468 ^ _1109_/Y (sky130_fd_sc_hd__o2111ai_4)
                                                         _0234_ (net)
                      0.853916    0.001841    4.543309 ^ _1260_/A1 (sky130_fd_sc_hd__o22ai_2)
     3    0.015429    0.177596    0.252190    4.795499 v _1260_/Y (sky130_fd_sc_hd__o22ai_2)
                                                         _0385_ (net)
                      0.177596    0.000176    4.795675 v _1292_/A2 (sky130_fd_sc_hd__o211ai_1)
     2    0.012553    0.316231    0.341025    5.136701 ^ _1292_/Y (sky130_fd_sc_hd__o211ai_1)
                                                         _0417_ (net)
                      0.316231    0.000208    5.136909 ^ _1352_/A (sky130_fd_sc_hd__nand3_1)
     1    0.008818    0.141407    0.178627    5.315536 v _1352_/Y (sky130_fd_sc_hd__nand3_1)
                                                         _0477_ (net)
                      0.141407    0.000135    5.315671 v _1358_/B1 (sky130_fd_sc_hd__a2bb2oi_2)
     3    0.023406    0.292645    0.317003    5.632675 ^ _1358_/Y (sky130_fd_sc_hd__a2bb2oi_2)
                                                         _0483_ (net)
                      0.292647    0.000627    5.633302 ^ _1379_/D (sky130_fd_sc_hd__nand4_2)
     6    0.018240    0.201260    0.216032    5.849334 v _1379_/Y (sky130_fd_sc_hd__nand4_2)
                                                         _0504_ (net)
                      0.201260    0.000317    5.849651 v _1381_/C (sky130_fd_sc_hd__nor3_1)
     3    0.010673    0.358455    0.337605    6.187256 ^ _1381_/Y (sky130_fd_sc_hd__nor3_1)
                                                         _0506_ (net)
                      0.358455    0.000028    6.187284 ^ _1384_/B (sky130_fd_sc_hd__nand4b_1)
     2    0.005814    0.132617    0.173761    6.361045 v _1384_/Y (sky130_fd_sc_hd__nand4b_1)
                                                         _0509_ (net)
                      0.132617    0.000070    6.361115 v _1386_/C (sky130_fd_sc_hd__nor3_1)
     2    0.004524    0.195255    0.190624    6.551739 ^ _1386_/Y (sky130_fd_sc_hd__nor3_1)
                                                         _0511_ (net)
                      0.195255    0.000015    6.551754 ^ _1390_/D_N (sky130_fd_sc_hd__or4b_2)
     3    0.011102    0.132703    0.660592    7.212346 v _1390_/X (sky130_fd_sc_hd__or4b_2)
                                                         _0515_ (net)
                      0.132703    0.000121    7.212467 v _1393_/A3 (sky130_fd_sc_hd__o31ai_2)
     2    0.013837    0.351601    0.333924    7.546391 ^ _1393_/Y (sky130_fd_sc_hd__o31ai_2)
                                                         _0518_ (net)
                      0.351601    0.000035    7.546426 ^ _1394_/B1 (sky130_fd_sc_hd__o21ai_2)
     2    0.011810    0.114352    0.137479    7.683905 v _1394_/Y (sky130_fd_sc_hd__o21ai_2)
                                                         _0519_ (net)
                      0.114352    0.000065    7.683970 v _1395_/B1 (sky130_fd_sc_hd__a41o_1)
     2    0.014195    0.087252    0.277871    7.961841 v _1395_/X (sky130_fd_sc_hd__a41o_1)
                                                         _0520_ (net)
                      0.087252    0.000075    7.961916 v _1396_/B1 (sky130_fd_sc_hd__a41oi_2)
     3    0.008107    0.183213    0.200368    8.162284 ^ _1396_/Y (sky130_fd_sc_hd__a41oi_2)
                                                         _0521_ (net)
                      0.183213    0.000020    8.162304 ^ _1397_/B1 (sky130_fd_sc_hd__o31a_1)
     3    0.014521    0.159621    0.245176    8.407480 ^ _1397_/X (sky130_fd_sc_hd__o31a_1)
                                                         _0522_ (net)
                      0.159621    0.000078    8.407558 ^ _1398_/B1 (sky130_fd_sc_hd__o41ai_4)
     3    0.013950    0.100457    0.123314    8.530872 v _1398_/Y (sky130_fd_sc_hd__o41ai_4)
                                                         _0523_ (net)
                      0.100457    0.000123    8.530995 v _1399_/B1 (sky130_fd_sc_hd__a21oi_1)
     1    0.005748    0.157791    0.172306    8.703301 ^ _1399_/Y (sky130_fd_sc_hd__a21oi_1)
                                                         _0524_ (net)
                      0.157791    0.000073    8.703374 ^ _1405_/B (sky130_fd_sc_hd__xor2_1)
     3    0.013855    0.154784    0.145998    8.849372 v _1405_/X (sky130_fd_sc_hd__xor2_1)
                                                         _0530_ (net)
                      0.154784    0.000120    8.849492 v _1409_/A (sky130_fd_sc_hd__or2_2)
     3    0.024346    0.108268    0.404681    9.254172 v _1409_/X (sky130_fd_sc_hd__or2_2)
                                                         _0534_ (net)
                      0.108268    0.000382    9.254555 v _1565_/A (sky130_fd_sc_hd__nand2_1)
     1    0.010312    0.108971    0.128913    9.383468 ^ _1565_/Y (sky130_fd_sc_hd__nand2_1)
                                                         _0690_ (net)
                      0.108971    0.000144    9.383612 ^ _1566_/A (sky130_fd_sc_hd__inv_1)
     2    0.019256    0.095354    0.115176    9.498788 v _1566_/Y (sky130_fd_sc_hd__inv_1)
                                                         _0691_ (net)
                      0.095354    0.000395    9.499183 v _1567_/B (sky130_fd_sc_hd__nand2_2)
     2    0.019753    0.116231    0.138757    9.637940 ^ _1567_/Y (sky130_fd_sc_hd__nand2_2)
                                                         _0692_ (net)
                      0.116231    0.000178    9.638118 ^ _1572_/A2_N (sky130_fd_sc_hd__o2bb2ai_4)
    12    0.093394    0.592385    0.313259    9.951377 ^ _1572_/Y (sky130_fd_sc_hd__o2bb2ai_4)
                                                         _0697_ (net)
                      0.592400    0.002550    9.953927 ^ _1580_/B (sky130_fd_sc_hd__nand3_4)
    11    0.063196    0.263411    0.313298   10.267224 v _1580_/Y (sky130_fd_sc_hd__nand3_4)
                                                         _0705_ (net)
                      0.263508    0.001082   10.268307 v _1599_/B (sky130_fd_sc_hd__nand3_1)
     2    0.012076    0.160233    0.240796   10.509102 ^ _1599_/Y (sky130_fd_sc_hd__nand3_1)
                                                         _0724_ (net)
                      0.160233    0.000170   10.509272 ^ _1617_/B (sky130_fd_sc_hd__nand4_2)
     2    0.014801    0.147281    0.171488   10.680759 v _1617_/Y (sky130_fd_sc_hd__nand4_2)
                                                         _0742_ (net)
                      0.147281    0.000234   10.680993 v _1619_/B2 (sky130_fd_sc_hd__o22ai_4)
     4    0.022639    0.238199    0.213590   10.894584 ^ _1619_/Y (sky130_fd_sc_hd__o22ai_4)
                                                         _0744_ (net)
                      0.238199    0.000159   10.894742 ^ _1627_/A1 (sky130_fd_sc_hd__a21boi_1)
     1    0.008980    0.104094    0.141348   11.036091 v _1627_/Y (sky130_fd_sc_hd__a21boi_1)
                                                         _0752_ (net)
                      0.104094    0.000100   11.036191 v _1632_/B2 (sky130_fd_sc_hd__o32ai_4)
     4    0.012848    0.261846    0.147371   11.183562 ^ _1632_/Y (sky130_fd_sc_hd__o32ai_4)
                                                         _0757_ (net)
                      0.261846    0.000203   11.183764 ^ _1641_/A1 (sky130_fd_sc_hd__a21oi_1)
     1    0.002626    0.108569    0.101532   11.285296 v _1641_/Y (sky130_fd_sc_hd__a21oi_1)
                                                         _0766_ (net)
                      0.108569    0.000012   11.285308 v _1646_/A1 (sky130_fd_sc_hd__a21oi_1)
     3    0.015080    0.343277    0.315218   11.600526 ^ _1646_/Y (sky130_fd_sc_hd__a21oi_1)
                                                         _0771_ (net)
                      0.343277    0.000141   11.600667 ^ _1834_/B2 (sky130_fd_sc_hd__o221ai_1)
     1    0.004120    0.111046    0.168614   11.769281 v _1834_/Y (sky130_fd_sc_hd__o221ai_1)
                                                         _0936_ (net)
                      0.111046    0.000059   11.769340 v _1835_/B2 (sky130_fd_sc_hd__a2bb2oi_1)
     1    0.015000    0.356815    0.323080   12.092420 ^ _1835_/Y (sky130_fd_sc_hd__a2bb2oi_1)
                                                         net82 (net)
                      0.356816    0.000433   12.092854 ^ output82/A (sky130_fd_sc_hd__buf_1)
     1    0.023055    0.272912    0.290735   12.383589 ^ output82/X (sky130_fd_sc_hd__buf_1)
                                                         result[25] (net)
                      0.272912    0.000282   12.383870 ^ result[25] (out)
                                             12.383870   data arrival time

                      0.000000   20.000000   20.000000   clock __VIRTUAL_CLK__ (rise edge)
                                  0.200000   20.200001   clock network delay (ideal)
                                  0.000000   20.200001   clock reconvergence pessimism
                                 -0.500000   19.700001   output external delay
                                             19.700001   data required time
---------------------------------------------------------------------------------------------
                                             19.700001   data required time
                                            -12.383870   data arrival time
---------------------------------------------------------------------------------------------
                                              7.316130   slack (MET)




===========================================================================
report_checks --slack_max -0.01
============================================================================
======================= min_tt_025C_1v80 Corner ===================================

No paths found.


===========================================================================
 report_check_types -max_slew -max_cap -max_fanout -violators
============================================================================
======================= min_tt_025C_1v80 Corner ===================================



===========================================================================
report_parasitic_annotation -report_unannotated
============================================================================
Found 0 unannotated drivers.
Found 0 partially unannotated drivers.

===========================================================================
max slew violation count 0
max fanout violation count 0
max cap violation count 0
============================================================================

===========================================================================
check_setup -verbose -unconstrained_endpoints -multiple_clock -no_clock -no_input_delay -loops -generated_clocks
===========================================================================
