
===========================================================================
 report_power
============================================================================
======================= min_tt_025C_1v80 Corner ===================================

Group                    Internal    Switching      Leakage        Total
                            Power        Power        Power        Power (Watts)
------------------------------------------------------------------------
Sequential           0.000000e+00 0.000000e+00 0.000000e+00 0.000000e+00   0.0%
Combinational        5.373916e-04 8.991979e-04 3.570051e-09 1.436593e-03 100.0%
Clock                -1.503409e-10 0.000000e+00 6.351509e-10 4.848099e-10   0.0%
Macro                0.000000e+00 0.000000e+00 0.000000e+00 0.000000e+00   0.0%
Pad                  0.000000e+00 0.000000e+00 0.000000e+00 0.000000e+00   0.0%
------------------------------------------------------------------------
Total                5.373915e-04 8.991979e-04 4.205188e-09 1.436594e-03 100.0%
                            37.4%        62.6%         0.0%

