
===========================================================================
 report_power
============================================================================
======================= min_ss_100C_1v60 Corner ===================================

Group                    Internal    Switching      Leakage        Total
                            Power        Power        Power        Power (Watts)
------------------------------------------------------------------------
Sequential           0.000000e+00 0.000000e+00 0.000000e+00 0.000000e+00   0.0%
Combinational        4.342104e-04 7.094382e-04 4.668699e-06 1.148317e-03 100.0%
Clock                -1.551515e-09 0.000000e+00 6.315466e-10 -9.199680e-10  -0.0%
Macro                0.000000e+00 0.000000e+00 0.000000e+00 0.000000e+00   0.0%
Pad                  0.000000e+00 0.000000e+00 0.000000e+00 0.000000e+00   0.0%
------------------------------------------------------------------------
Total                4.342088e-04 7.094382e-04 4.669330e-06 1.148316e-03 100.0%
                            37.8%        61.8%         0.4%

