
===========================================================================
 report_power
============================================================================
======================= nom_tt_025C_1v80 Corner ===================================

Group                    Internal    Switching      Leakage        Total
                            Power        Power        Power        Power (Watts)
------------------------------------------------------------------------
Sequential           0.000000e+00 0.000000e+00 0.000000e+00 0.000000e+00   0.0%
Combinational        3.361740e-04 5.023892e-04 2.089720e-09 8.385653e-04 100.0%
Clock                0.000000e+00 0.000000e+00 2.786432e-10 2.786432e-10   0.0%
Macro                0.000000e+00 0.000000e+00 0.000000e+00 0.000000e+00   0.0%
Pad                  0.000000e+00 0.000000e+00 0.000000e+00 0.000000e+00   0.0%
------------------------------------------------------------------------
Total                3.361740e-04 5.023892e-04 2.368367e-09 8.385656e-04 100.0%
                            40.1%        59.9%         0.0%
Writing metric power__internal__total: 0.00033617400913499296
Writing metric power__switching__total: 0.0005023892153985798
Writing metric power__leakage__total: 2.368366613936246e-9
Writing metric power__total: 0.0008385655819438398

