
===========================================================================
report_checks -unconstrained
===========================================================================
======================= nom_tt_025C_1v80 Corner ===================================

Startpoint: y[29] (input port clocked by __VIRTUAL_CLK__)
Endpoint: result[16] (output port clocked by __VIRTUAL_CLK__)
Path Group: __VIRTUAL_CLK__
Path Type: max

Fanout         Cap        Slew       Delay        Time   Description
---------------------------------------------------------------------------------------------
                      0.000000    0.000000    0.000000   clock __VIRTUAL_CLK__ (rise edge)
                                  0.200000    0.200000   clock network delay (ideal)
                                  1.000000    1.200000 ^ input external delay
     1    0.006765    0.000000    0.000000    1.200000 ^ y[29] (in)
                                                         y[29] (net)
                      0.000142    0.000071    1.200071 ^ input54/A (sky130_fd_sc_hd__clkbuf_4)
     7    0.052356    0.162000    0.206221    1.406292 ^ input54/X (sky130_fd_sc_hd__clkbuf_4)
                                                         net54 (net)
                      0.162000    0.000364    1.406656 ^ _0949_/A (sky130_fd_sc_hd__clkinv_4)
     6    0.044778    0.103251    0.132955    1.539611 v _0949_/Y (sky130_fd_sc_hd__clkinv_4)
                                                         _0934_ (net)
                      0.103251    0.000226    1.539837 v _1018_/B (sky130_fd_sc_hd__nor2_4)
     8    0.054089    0.341049    0.301947    1.841783 ^ _1018_/Y (sky130_fd_sc_hd__nor2_4)
                                                         _0143_ (net)
                      0.341056    0.001253    1.843037 ^ _1035_/B (sky130_fd_sc_hd__nor2_2)
     4    0.027197    0.116468    0.147720    1.990757 v _1035_/Y (sky130_fd_sc_hd__nor2_2)
                                                         _0160_ (net)
                      0.116469    0.000582    1.991338 v _1037_/A1 (sky130_fd_sc_hd__a31oi_4)
     9    0.066543    0.516300    0.452439    2.443777 ^ _1037_/Y (sky130_fd_sc_hd__a31oi_4)
                                                         _0162_ (net)
                      0.516300    0.000124    2.443901 ^ wire104/A (sky130_fd_sc_hd__buf_8)
    20    0.110006    0.182271    0.279246    2.723147 ^ wire104/X (sky130_fd_sc_hd__buf_8)
                                                         net104 (net)
                      0.182276    0.001257    2.724404 ^ max_cap103/A (sky130_fd_sc_hd__buf_8)
    27    0.105455    0.173222    0.231102    2.955507 ^ max_cap103/X (sky130_fd_sc_hd__buf_8)
                                                         net103 (net)
                      0.173225    0.001032    2.956538 ^ _1040_/B1 (sky130_fd_sc_hd__o21ai_4)
     8    0.043428    0.121942    0.147904    3.104442 v _1040_/Y (sky130_fd_sc_hd__o21ai_4)
                                                         _0165_ (net)
                      0.121942    0.000023    3.104465 v max_cap97/A (sky130_fd_sc_hd__buf_8)
    14    0.101344    0.079809    0.204641    3.309106 v max_cap97/X (sky130_fd_sc_hd__buf_8)
                                                         net97 (net)
                      0.079939    0.002861    3.311967 v _1099_/A1 (sky130_fd_sc_hd__o21ai_4)
    23    0.093609    0.646361    0.552225    3.864192 ^ _1099_/Y (sky130_fd_sc_hd__o21ai_4)
                                                         _0224_ (net)
                      0.646381    0.002984    3.867176 ^ _1151_/A (sky130_fd_sc_hd__nand4_2)
     3    0.009554    0.200364    0.205557    4.072733 v _1151_/Y (sky130_fd_sc_hd__nand4_2)
                                                         _0276_ (net)
                      0.200364    0.000016    4.072749 v _1164_/C1 (sky130_fd_sc_hd__o211ai_1)
     2    0.006061    0.239496    0.170763    4.243512 ^ _1164_/Y (sky130_fd_sc_hd__o211ai_1)
                                                         _0289_ (net)
                      0.239496    0.000030    4.243542 ^ _1184_/A (sky130_fd_sc_hd__nand3_1)
     1    0.002807    0.083976    0.102677    4.346219 v _1184_/Y (sky130_fd_sc_hd__nand3_1)
                                                         _0309_ (net)
                      0.083976    0.000009    4.346228 v _1186_/A2 (sky130_fd_sc_hd__a21oi_1)
     1    0.012503    0.286085    0.288454    4.634681 ^ _1186_/Y (sky130_fd_sc_hd__a21oi_1)
                                                         _0311_ (net)
                      0.286085    0.000201    4.634882 ^ _1227_/B1 (sky130_fd_sc_hd__o221ai_4)
     4    0.034414    0.221047    0.231796    4.866678 v _1227_/Y (sky130_fd_sc_hd__o221ai_4)
                                                         _0352_ (net)
                      0.221047    0.000175    4.866854 v _1379_/A (sky130_fd_sc_hd__nand4_2)
     6    0.016498    0.131439    0.185830    5.052684 ^ _1379_/Y (sky130_fd_sc_hd__nand4_2)
                                                         _0504_ (net)
                      0.131439    0.000133    5.052817 ^ _1502_/C_N (sky130_fd_sc_hd__nor3b_1)
     3    0.008351    0.318742    0.312040    5.364858 ^ _1502_/Y (sky130_fd_sc_hd__nor3b_1)
                                                         _0627_ (net)
                      0.318742    0.000016    5.364873 ^ _1506_/B2 (sky130_fd_sc_hd__o221ai_1)
     1    0.003191    0.101611    0.155710    5.520583 v _1506_/Y (sky130_fd_sc_hd__o221ai_1)
                                                         _0631_ (net)
                      0.101611    0.000013    5.520597 v _1532_/A (sky130_fd_sc_hd__nand2_1)
     2    0.013475    0.137231    0.145595    5.666191 ^ _1532_/Y (sky130_fd_sc_hd__nand2_1)
                                                         _0657_ (net)
                      0.137231    0.000005    5.666196 ^ _1533_/A1 (sky130_fd_sc_hd__o21bai_2)
     2    0.013358    0.083875    0.118273    5.784469 v _1533_/Y (sky130_fd_sc_hd__o21bai_2)
                                                         _0658_ (net)
                      0.083875    0.000058    5.784527 v _1534_/A1 (sky130_fd_sc_hd__a21oi_2)
     3    0.017483    0.236827    0.244461    6.028988 ^ _1534_/Y (sky130_fd_sc_hd__a21oi_2)
                                                         _0659_ (net)
                      0.236827    0.000061    6.029049 ^ _1537_/A2 (sky130_fd_sc_hd__o211ai_2)
     2    0.007745    0.103036    0.121012    6.150061 v _1537_/Y (sky130_fd_sc_hd__o211ai_2)
                                                         _0662_ (net)
                      0.103036    0.000039    6.150100 v _1539_/A2_N (sky130_fd_sc_hd__o2bb2ai_2)
     2    0.012575    0.070267    0.166184    6.316284 v _1539_/Y (sky130_fd_sc_hd__o2bb2ai_2)
                                                         _0664_ (net)
                      0.070267    0.000119    6.316403 v _1541_/A1 (sky130_fd_sc_hd__a31oi_4)
     3    0.021909    0.227407    0.217479    6.533883 ^ _1541_/Y (sky130_fd_sc_hd__a31oi_4)
                                                         _0666_ (net)
                      0.227407    0.000103    6.533985 ^ _1543_/B2 (sky130_fd_sc_hd__o221ai_4)
     2    0.007480    0.093135    0.129050    6.663035 v _1543_/Y (sky130_fd_sc_hd__o221ai_4)
                                                         _0668_ (net)
                      0.093135    0.000028    6.663063 v _1545_/A (sky130_fd_sc_hd__nand3_2)
     2    0.012549    0.089398    0.106040    6.769103 ^ _1545_/Y (sky130_fd_sc_hd__nand3_2)
                                                         _0670_ (net)
                      0.089398    0.000079    6.769182 ^ _1547_/C1 (sky130_fd_sc_hd__o221ai_4)
     2    0.011532    0.100855    0.112528    6.881710 v _1547_/Y (sky130_fd_sc_hd__o221ai_4)
                                                         _0672_ (net)
                      0.100855    0.000040    6.881751 v _1549_/A1 (sky130_fd_sc_hd__a31oi_4)
     2    0.013961    0.182574    0.190608    7.072359 ^ _1549_/Y (sky130_fd_sc_hd__a31oi_4)
                                                         _0674_ (net)
                      0.182574    0.000031    7.072390 ^ _1550_/A2 (sky130_fd_sc_hd__o21bai_2)
     2    0.013336    0.092771    0.112455    7.184845 v _1550_/Y (sky130_fd_sc_hd__o21bai_2)
                                                         _0675_ (net)
                      0.092771    0.000017    7.184862 v _1552_/A1 (sky130_fd_sc_hd__a21oi_2)
     2    0.015423    0.207855    0.230542    7.415404 ^ _1552_/Y (sky130_fd_sc_hd__a21oi_2)
                                                         _0677_ (net)
                      0.207855    0.000093    7.415496 ^ _1554_/A2 (sky130_fd_sc_hd__o21bai_2)
     2    0.012071    0.083272    0.112459    7.527956 v _1554_/Y (sky130_fd_sc_hd__o21bai_2)
                                                         _0679_ (net)
                      0.083272    0.000008    7.527963 v _1557_/A (sky130_fd_sc_hd__nand2_1)
     2    0.013648    0.134998    0.138297    7.666261 ^ _1557_/Y (sky130_fd_sc_hd__nand2_1)
                                                         _0682_ (net)
                      0.134998    0.000184    7.666445 ^ _1559_/C1 (sky130_fd_sc_hd__o221ai_4)
     2    0.011875    0.094982    0.127760    7.794205 v _1559_/Y (sky130_fd_sc_hd__o221ai_4)
                                                         _0684_ (net)
                      0.094982    0.000041    7.794245 v _1561_/A1 (sky130_fd_sc_hd__a31oi_4)
     2    0.018821    0.214772    0.212371    8.006617 ^ _1561_/Y (sky130_fd_sc_hd__a31oi_4)
                                                         _0686_ (net)
                      0.214772    0.000034    8.006651 ^ _1563_/A2 (sky130_fd_sc_hd__o21bai_4)
     3    0.019559    0.087852    0.106690    8.113340 v _1563_/Y (sky130_fd_sc_hd__o21bai_4)
                                                         _0688_ (net)
                      0.087852    0.000052    8.113392 v _1567_/A (sky130_fd_sc_hd__nand2_2)
     2    0.018993    0.112088    0.123749    8.237141 ^ _1567_/Y (sky130_fd_sc_hd__nand2_2)
                                                         _0692_ (net)
                      0.112088    0.000059    8.237200 ^ _1572_/A2_N (sky130_fd_sc_hd__o2bb2ai_4)
    12    0.086345    0.552193    0.298130    8.535330 ^ _1572_/Y (sky130_fd_sc_hd__o2bb2ai_4)
                                                         _0697_ (net)
                      0.552193    0.000464    8.535793 ^ _1580_/B (sky130_fd_sc_hd__nand3_4)
    11    0.055114    0.236294    0.285834    8.821629 v _1580_/Y (sky130_fd_sc_hd__nand3_4)
                                                         _0705_ (net)
                      0.236294    0.000234    8.821862 v _1581_/B (sky130_fd_sc_hd__nand2_8)
    26    0.098798    0.185314    0.252331    9.074193 ^ _1581_/Y (sky130_fd_sc_hd__nand2_8)
                                                         _0706_ (net)
                      0.185314    0.000154    9.074347 ^ _1663_/A1 (sky130_fd_sc_hd__o22ai_1)
     2    0.005792    0.082725    0.133515    9.207861 v _1663_/Y (sky130_fd_sc_hd__o22ai_1)
                                                         _0788_ (net)
                      0.082725    0.000022    9.207884 v _1665_/B1 (sky130_fd_sc_hd__o22ai_1)
     2    0.005642    0.188935    0.173509    9.381392 ^ _1665_/Y (sky130_fd_sc_hd__o22ai_1)
                                                         _0790_ (net)
                      0.188935    0.000020    9.381413 ^ _1675_/A (sky130_fd_sc_hd__nand3_1)
     1    0.002636    0.091746    0.091934    9.473347 v _1675_/Y (sky130_fd_sc_hd__nand3_1)
                                                         _0800_ (net)
                      0.091746    0.000005    9.473352 v _1681_/B1 (sky130_fd_sc_hd__a211oi_1)
     1    0.006110    0.279837    0.291572    9.764924 ^ _1681_/Y (sky130_fd_sc_hd__a211oi_1)
                                                         _0806_ (net)
                      0.279837    0.000036    9.764959 ^ _1682_/B (sky130_fd_sc_hd__nand3_2)
     2    0.011380    0.108779    0.155254    9.920214 v _1682_/Y (sky130_fd_sc_hd__nand3_2)
                                                         _0807_ (net)
                      0.108779    0.000046    9.920259 v _1683_/B1 (sky130_fd_sc_hd__a21oi_4)
    22    0.066172    0.472200    0.411625   10.331884 ^ _1683_/Y (sky130_fd_sc_hd__a21oi_4)
                                                         _0808_ (net)
                      0.472200    0.000131   10.332015 ^ _1785_/A3 (sky130_fd_sc_hd__o32ai_1)
     1    0.004517    0.097461    0.149721   10.481736 v _1785_/Y (sky130_fd_sc_hd__o32ai_1)
                                                         net72 (net)
                      0.097461    0.000043   10.481778 v output72/A (sky130_fd_sc_hd__buf_1)
     1    0.011349    0.071885    0.149245   10.631023 v output72/X (sky130_fd_sc_hd__buf_1)
                                                         result[16] (net)
                      0.071885    0.000083   10.631107 v result[16] (out)
                                             10.631107   data arrival time

                      0.000000   20.000000   20.000000   clock __VIRTUAL_CLK__ (rise edge)
                                  0.200000   20.200001   clock network delay (ideal)
                                  0.000000   20.200001   clock reconvergence pessimism
                                 -0.500000   19.700001   output external delay
                                             19.700001   data required time
---------------------------------------------------------------------------------------------
                                             19.700001   data required time
                                            -10.631107   data arrival time
---------------------------------------------------------------------------------------------
                                              9.068893   slack (MET)




===========================================================================
report_checks --slack_max -0.01
============================================================================
======================= nom_tt_025C_1v80 Corner ===================================

No paths found.


===========================================================================
 report_check_types -max_slew -max_cap -max_fanout -violators
============================================================================
======================= nom_tt_025C_1v80 Corner ===================================



===========================================================================
report_parasitic_annotation -report_unannotated
============================================================================
Found 0 unannotated drivers.
Found 0 partially unannotated drivers.

===========================================================================
max slew violation count 0
Writing metric design__max_slew_violation__count__corner:nom_tt_025C_1v80: 0
max fanout violation count 0
Writing metric design__max_fanout_violation__count__corner:nom_tt_025C_1v80: 0
max cap violation count 0
Writing metric design__max_cap_violation__count__corner:nom_tt_025C_1v80: 0
============================================================================

===========================================================================
check_setup -verbose -unconstrained_endpoints -multiple_clock -no_clock -no_input_delay -loops -generated_clocks
===========================================================================
