
===========================================================================
 report_power
============================================================================
======================= nom_tt_025C_1v80 Corner ===================================

Group                    Internal    Switching      Leakage        Total
                            Power        Power        Power        Power (Watts)
------------------------------------------------------------------------
Sequential           0.000000e+00 0.000000e+00 0.000000e+00 0.000000e+00   0.0%
Combinational        5.369000e-04 7.387258e-04 3.570051e-09 1.275629e-03 100.0%
Clock                0.000000e+00 0.000000e+00 2.786432e-10 2.786432e-10   0.0%
Macro                0.000000e+00 0.000000e+00 0.000000e+00 0.000000e+00   0.0%
Pad                  0.000000e+00 0.000000e+00 0.000000e+00 0.000000e+00   0.0%
------------------------------------------------------------------------
Total                5.369000e-04 7.387258e-04 3.848693e-09 1.275630e-03 100.0%
                            42.1%        57.9%         0.0%
Writing metric power__internal__total: 0.0005368999554775655
Writing metric power__switching__total: 0.0007387257646769285
Writing metric power__leakage__total: 3.84869291991663e-9
Writing metric power__total: 0.0012756296200677752

