
===========================================================================
report_checks -unconstrained
===========================================================================
======================= nom_tt_025C_1v80 Corner ===================================

Startpoint: y[23] (input port clocked by __VIRTUAL_CLK__)
Endpoint: result[16] (output port clocked by __VIRTUAL_CLK__)
Path Group: __VIRTUAL_CLK__
Path Type: max

Fanout         Cap        Slew       Delay        Time   Description
---------------------------------------------------------------------------------------------
                      0.000000    0.000000    0.000000   clock __VIRTUAL_CLK__ (rise edge)
                                  0.200000    0.200000   clock network delay (ideal)
                                  1.000000    1.200000 ^ input external delay
     1    0.004549    0.000000    0.000000    1.200000 ^ y[23] (in)
                                                         y[23] (net)
                      0.000062    0.000031    1.200031 ^ input48/A (sky130_fd_sc_hd__clkbuf_4)
     7    0.046237    0.145830    0.193551    1.393582 ^ input48/X (sky130_fd_sc_hd__clkbuf_4)
                                                         net48 (net)
                      0.145830    0.000289    1.393872 ^ _0991_/B_N (sky130_fd_sc_hd__nor2b_4)
     7    0.073829    0.452228    0.451596    1.845467 ^ _0991_/Y (sky130_fd_sc_hd__nor2b_4)
                                                         _0116_ (net)
                      0.452228    0.000054    1.845521 ^ _0993_/A (sky130_fd_sc_hd__nand2_1)
     2    0.006964    0.129005    0.144977    1.990499 v _0993_/Y (sky130_fd_sc_hd__nand2_1)
                                                         _0118_ (net)
                      0.129005    0.000011    1.990510 v _0995_/D (sky130_fd_sc_hd__nand4_1)
     2    0.010482    0.143034    0.171707    2.162216 ^ _0995_/Y (sky130_fd_sc_hd__nand4_1)
                                                         _0120_ (net)
                      0.143034    0.000114    2.162331 ^ _1025_/B2 (sky130_fd_sc_hd__a2bb2oi_2)
     2    0.014801    0.080803    0.103465    2.265795 v _1025_/Y (sky130_fd_sc_hd__a2bb2oi_2)
                                                         _0150_ (net)
                      0.080803    0.000155    2.265951 v _1030_/B2 (sky130_fd_sc_hd__o22ai_4)
     3    0.017465    0.208641    0.163372    2.429323 ^ _1030_/Y (sky130_fd_sc_hd__o22ai_4)
                                                         _0155_ (net)
                      0.208641    0.000056    2.429379 ^ _1039_/A1 (sky130_fd_sc_hd__a21oi_4)
     9    0.065485    0.154857    0.181650    2.611029 v _1039_/Y (sky130_fd_sc_hd__a21oi_4)
                                                         _0164_ (net)
                      0.154857    0.000047    2.611077 v max_cap100/A (sky130_fd_sc_hd__buf_12)
    15    0.095634    0.060729    0.210149    2.821225 v max_cap100/X (sky130_fd_sc_hd__buf_12)
                                                         net100 (net)
                      0.060737    0.000748    2.821973 v max_cap99/A (sky130_fd_sc_hd__buf_8)
    13    0.097250    0.077025    0.175507    2.997480 v max_cap99/X (sky130_fd_sc_hd__buf_8)
                                                         net99 (net)
                      0.077026    0.000490    2.997970 v _1112_/A1 (sky130_fd_sc_hd__o2111ai_4)
    17    0.100670    0.739330    0.634715    3.632685 ^ _1112_/Y (sky130_fd_sc_hd__o2111ai_4)
                                                         _0237_ (net)
                      0.739331    0.000799    3.633485 ^ _1119_/A2 (sky130_fd_sc_hd__o22ai_1)
     2    0.005488    0.177622    0.185905    3.819390 v _1119_/Y (sky130_fd_sc_hd__o22ai_1)
                                                         _0244_ (net)
                      0.177622    0.000017    3.819407 v _1299_/A2 (sky130_fd_sc_hd__o211ai_1)
     2    0.006769    0.221141    0.261476    4.080884 ^ _1299_/Y (sky130_fd_sc_hd__o211ai_1)
                                                         _0424_ (net)
                      0.221141    0.000037    4.080920 ^ _1359_/C (sky130_fd_sc_hd__nand3_1)
     1    0.009325    0.126487    0.158255    4.239175 v _1359_/Y (sky130_fd_sc_hd__nand3_1)
                                                         _0484_ (net)
                      0.126487    0.000061    4.239237 v _1364_/B2 (sky130_fd_sc_hd__a22oi_4)
     5    0.024087    0.239509    0.260447    4.499684 ^ _1364_/Y (sky130_fd_sc_hd__a22oi_4)
                                                         _0489_ (net)
                      0.239509    0.000230    4.499914 ^ _1379_/C (sky130_fd_sc_hd__nand4_2)
     6    0.014924    0.176356    0.188386    4.688301 v _1379_/Y (sky130_fd_sc_hd__nand4_2)
                                                         _0504_ (net)
                      0.176356    0.000141    4.688441 v _1381_/C (sky130_fd_sc_hd__nor3_1)
     3    0.009997    0.340614    0.315065    5.003507 ^ _1381_/Y (sky130_fd_sc_hd__nor3_1)
                                                         _0506_ (net)
                      0.340614    0.000008    5.003514 ^ _1384_/B (sky130_fd_sc_hd__nand4b_1)
     2    0.005115    0.127672    0.163142    5.166656 v _1384_/Y (sky130_fd_sc_hd__nand4b_1)
                                                         _0509_ (net)
                      0.127672    0.000018    5.166674 v _1386_/C (sky130_fd_sc_hd__nor3_1)
     2    0.004256    0.187995    0.183464    5.350138 ^ _1386_/Y (sky130_fd_sc_hd__nor3_1)
                                                         _0511_ (net)
                      0.187995    0.000000    5.350139 ^ _1390_/D_N (sky130_fd_sc_hd__or4b_2)
     3    0.009834    0.131839    0.650735    6.000873 v _1390_/X (sky130_fd_sc_hd__or4b_2)
                                                         _0515_ (net)
                      0.131839    0.000032    6.000906 v _1393_/A3 (sky130_fd_sc_hd__o31ai_2)
     2    0.013470    0.345425    0.328959    6.329864 ^ _1393_/Y (sky130_fd_sc_hd__o31ai_2)
                                                         _0518_ (net)
                      0.345425    0.000004    6.329868 ^ _1394_/B1 (sky130_fd_sc_hd__o21ai_2)
     2    0.011103    0.106232    0.133713    6.463582 v _1394_/Y (sky130_fd_sc_hd__o21ai_2)
                                                         _0519_ (net)
                      0.106232    0.000020    6.463601 v _1395_/B1 (sky130_fd_sc_hd__a41o_1)
     2    0.013200    0.084806    0.270816    6.734417 v _1395_/X (sky130_fd_sc_hd__a41o_1)
                                                         _0520_ (net)
                      0.084806    0.000026    6.734443 v _1396_/B1 (sky130_fd_sc_hd__a41oi_2)
     3    0.007507    0.180651    0.194249    6.928691 ^ _1396_/Y (sky130_fd_sc_hd__a41oi_2)
                                                         _0521_ (net)
                      0.180651    0.000002    6.928693 ^ _1397_/B1 (sky130_fd_sc_hd__o31a_1)
     3    0.013544    0.153391    0.237659    7.166352 ^ _1397_/X (sky130_fd_sc_hd__o31a_1)
                                                         _0522_ (net)
                      0.153391    0.000021    7.166373 ^ _1398_/B1 (sky130_fd_sc_hd__o41ai_4)
     3    0.013166    0.092524    0.119532    7.285905 v _1398_/Y (sky130_fd_sc_hd__o41ai_4)
                                                         _0523_ (net)
                      0.092524    0.000020    7.285925 v _1399_/B1 (sky130_fd_sc_hd__a21oi_1)
     1    0.005111    0.151322    0.160287    7.446212 ^ _1399_/Y (sky130_fd_sc_hd__a21oi_1)
                                                         _0524_ (net)
                      0.151322    0.000017    7.446229 ^ _1405_/B (sky130_fd_sc_hd__xor2_1)
     3    0.009471    0.123160    0.121694    7.567924 v _1405_/X (sky130_fd_sc_hd__xor2_1)
                                                         _0530_ (net)
                      0.123160    0.000021    7.567945 v _1409_/A (sky130_fd_sc_hd__or2_2)
     3    0.021835    0.102079    0.385837    7.953782 v _1409_/X (sky130_fd_sc_hd__or2_2)
                                                         _0534_ (net)
                      0.102079    0.000147    7.953929 v _1565_/A (sky130_fd_sc_hd__nand2_1)
     1    0.005368    0.068881    0.094714    8.048644 ^ _1565_/Y (sky130_fd_sc_hd__nand2_1)
                                                         _0690_ (net)
                      0.068881    0.000059    8.048702 ^ _1566_/A (sky130_fd_sc_hd__inv_1)
     2    0.015082    0.074014    0.085915    8.134618 v _1566_/Y (sky130_fd_sc_hd__inv_1)
                                                         _0691_ (net)
                      0.074014    0.000101    8.134719 v _1567_/B (sky130_fd_sc_hd__nand2_2)
     2    0.018993    0.112088    0.126500    8.261219 ^ _1567_/Y (sky130_fd_sc_hd__nand2_2)
                                                         _0692_ (net)
                      0.112088    0.000059    8.261277 ^ _1572_/A2_N (sky130_fd_sc_hd__o2bb2ai_4)
    12    0.086345    0.552193    0.298130    8.559407 ^ _1572_/Y (sky130_fd_sc_hd__o2bb2ai_4)
                                                         _0697_ (net)
                      0.552193    0.000464    8.559872 ^ _1580_/B (sky130_fd_sc_hd__nand3_4)
    11    0.055114    0.236294    0.285834    8.845706 v _1580_/Y (sky130_fd_sc_hd__nand3_4)
                                                         _0705_ (net)
                      0.236294    0.000234    8.845941 v _1581_/B (sky130_fd_sc_hd__nand2_8)
    26    0.098798    0.185314    0.252331    9.098270 ^ _1581_/Y (sky130_fd_sc_hd__nand2_8)
                                                         _0706_ (net)
                      0.185314    0.000154    9.098425 ^ _1663_/A1 (sky130_fd_sc_hd__o22ai_1)
     2    0.005792    0.082725    0.133515    9.231939 v _1663_/Y (sky130_fd_sc_hd__o22ai_1)
                                                         _0788_ (net)
                      0.082725    0.000022    9.231961 v _1665_/B1 (sky130_fd_sc_hd__o22ai_1)
     2    0.005642    0.188935    0.173509    9.405471 ^ _1665_/Y (sky130_fd_sc_hd__o22ai_1)
                                                         _0790_ (net)
                      0.188935    0.000020    9.405490 ^ _1675_/A (sky130_fd_sc_hd__nand3_1)
     1    0.002636    0.091746    0.091934    9.497423 v _1675_/Y (sky130_fd_sc_hd__nand3_1)
                                                         _0800_ (net)
                      0.091746    0.000005    9.497429 v _1681_/B1 (sky130_fd_sc_hd__a211oi_1)
     1    0.006110    0.279837    0.291572    9.789001 ^ _1681_/Y (sky130_fd_sc_hd__a211oi_1)
                                                         _0806_ (net)
                      0.279837    0.000036    9.789037 ^ _1682_/B (sky130_fd_sc_hd__nand3_2)
     2    0.011380    0.108779    0.155254    9.944290 v _1682_/Y (sky130_fd_sc_hd__nand3_2)
                                                         _0807_ (net)
                      0.108779    0.000046    9.944336 v _1683_/B1 (sky130_fd_sc_hd__a21oi_4)
    22    0.066172    0.472200    0.411625   10.355961 ^ _1683_/Y (sky130_fd_sc_hd__a21oi_4)
                                                         _0808_ (net)
                      0.472200    0.000131   10.356091 ^ _1785_/A3 (sky130_fd_sc_hd__o32ai_1)
     1    0.004517    0.097461    0.149721   10.505813 v _1785_/Y (sky130_fd_sc_hd__o32ai_1)
                                                         net72 (net)
                      0.097461    0.000043   10.505856 v output72/A (sky130_fd_sc_hd__buf_1)
     1    0.011349    0.071885    0.149245   10.655100 v output72/X (sky130_fd_sc_hd__buf_1)
                                                         result[16] (net)
                      0.071885    0.000083   10.655184 v result[16] (out)
                                             10.655184   data arrival time

                      0.000000   20.000000   20.000000   clock __VIRTUAL_CLK__ (rise edge)
                                  0.200000   20.200001   clock network delay (ideal)
                                  0.000000   20.200001   clock reconvergence pessimism
                                 -0.500000   19.700001   output external delay
                                             19.700001   data required time
---------------------------------------------------------------------------------------------
                                             19.700001   data required time
                                            -10.655184   data arrival time
---------------------------------------------------------------------------------------------
                                              9.044817   slack (MET)




===========================================================================
report_checks --slack_max -0.01
============================================================================
======================= nom_tt_025C_1v80 Corner ===================================

No paths found.


===========================================================================
 report_check_types -max_slew -max_cap -max_fanout -violators
============================================================================
======================= nom_tt_025C_1v80 Corner ===================================



===========================================================================
report_parasitic_annotation -report_unannotated
============================================================================
Found 0 unannotated drivers.
Found 0 partially unannotated drivers.

===========================================================================
max slew violation count 0
Writing metric design__max_slew_violation__count__corner:nom_tt_025C_1v80: 0
max fanout violation count 0
Writing metric design__max_fanout_violation__count__corner:nom_tt_025C_1v80: 0
max cap violation count 0
Writing metric design__max_cap_violation__count__corner:nom_tt_025C_1v80: 0
============================================================================

===========================================================================
check_setup -verbose -unconstrained_endpoints -multiple_clock -no_clock -no_input_delay -loops -generated_clocks
===========================================================================
